0 verbose cli C:\Program Files\nodejs\node.exe C:\Program Files\nodejs\node_modules\npm\bin\npm-cli.js
1 info using npm@10.8.2
2 info using node@v20.20.0
3 silly config load:file:C:\Program Files\nodejs\node_modules\npm\npmrc
4 silly config load:file:D:\ecommerce\.npmrc
5 silly config load:file:C:\Users\HP\.npmrc
6 silly config load:file:C:\Users\HP\AppData\Roaming\npm\etc\npmrc
7 verbose title npm install zod@4.1.12
8 verbose argv "install" "zod@4.1.12" "--package-lock-only"
9 verbose logfile logs-max:10 dir:D:\ecommerce\.npm-cache\_logs\2026-03-23T04_40_45_641Z-
10 verbose logfile D:\ecommerce\.npm-cache\_logs\2026-03-23T04_40_45_641Z-debug-0.log
11 silly packumentCache heap:4345298944 maxSize:1086324736 maxEntrySize:543162368
12 silly logfile done cleaning log files
13 silly idealTree buildDeps
14 silly fetch manifest zod@4.1.12
15 silly packumentCache full:https://registry.npmjs.org/zod cache-miss
16 http fetch GET https://registry.npmjs.org/zod attempt 1 failed with EACCES
17 http fetch GET https://registry.npmjs.org/zod attempt 2 failed with EACCES
18 http fetch GET https://registry.npmjs.org/zod attempt 3 failed with EACCES
19 silly placeDep ROOT zod@ REPLACE for: ecommerce@0.1.0 want: 4.1.12
20 silly tarball no local data for https://registry.npmjs.org/@tailwindcss/oxide-wasm32-wasi/-/oxide-wasm32-wasi-4.2.1.tgz. Extracting by manifest.
21 http fetch GET https://registry.npmjs.org/@tailwindcss/oxide-wasm32-wasi/-/oxide-wasm32-wasi-4.2.1.tgz attempt 1 failed with EACCES
22 http fetch GET https://registry.npmjs.org/@tailwindcss/oxide-wasm32-wasi/-/oxide-wasm32-wasi-4.2.1.tgz attempt 2 failed with EACCES
23 http fetch GET https://registry.npmjs.org/@tailwindcss/oxide-wasm32-wasi/-/oxide-wasm32-wasi-4.2.1.tgz attempt 3 failed with EACCES
24 verbose type system
25 verbose stack FetchError: request to https://registry.npmjs.org/@tailwindcss/oxide-wasm32-wasi/-/oxide-wasm32-wasi-4.2.1.tgz failed, reason: 
25 verbose stack     at ClientRequest.<anonymous> (C:\Program Files\nodejs\node_modules\npm\node_modules\minipass-fetch\lib\index.js:130:14)
25 verbose stack     at ClientRequest.emit (node:events:524:28)
25 verbose stack     at emitErrorEvent (node:_http_client:101:11)
25 verbose stack     at _destroy (node:_http_client:884:9)
25 verbose stack     at onSocketNT (node:_http_client:904:5)
25 verbose stack     at process.processTicksAndRejections (node:internal/process/task_queues:83:21)
26 error code EACCES
27 error errno EACCES
28 error FetchError: request to https://registry.npmjs.org/@tailwindcss/oxide-wasm32-wasi/-/oxide-wasm32-wasi-4.2.1.tgz failed, reason: 
28 error     at ClientRequest.<anonymous> (C:\Program Files\nodejs\node_modules\npm\node_modules\minipass-fetch\lib\index.js:130:14)
28 error     at ClientRequest.emit (node:events:524:28)
28 error     at emitErrorEvent (node:_http_client:101:11)
28 error     at _destroy (node:_http_client:884:9)
28 error     at onSocketNT (node:_http_client:904:5)
28 error     at process.processTicksAndRejections (node:internal/process/task_queues:83:21) {
28 error   code: 'EACCES',
28 error   errno: 'EACCES',
28 error   type: 'system'
28 error }
29 error
29 error The operation was rejected by your operating system.
29 error It's possible that the file was already in use (by a text editor or antivirus),
29 error or that you lack permissions to access it.
29 error
29 error If you believe this might be a permissions issue, please double-check the
29 error permissions of the file and its containing directories, or try running
29 error the command again as root/Administrator.
30 silly unfinished npm timer reify 1774240846542
31 silly unfinished npm timer reify:loadTrees 1774240846542
32 silly unfinished npm timer idealTree:buildDeps 1774240847067
33 silly unfinished npm timer idealTree:node_modules/@tailwindcss/oxide-wasm32-wasi 1774240917354
34 verbose cwd D:\ecommerce
35 verbose os Windows_NT 10.0.22631
36 verbose node v20.20.0
37 verbose npm  v10.8.2
38 verbose exit 1
39 verbose code 1
40 error A complete log of this run can be found in: D:\ecommerce\.npm-cache\_logs\2026-03-23T04_40_45_641Z-debug-0.log
